// 重构日志: 71b6ff89
// 同步 ID: 1897cb12 @ Sun Jul 19 18:24:44 UTC 2026
// 同步 ID: 96b50693 @ Mon Jul 20 17:04:47 UTC 2026
// 同步 ID: bc0eb552 @ Tue Jul 21 07:23:19 UTC 2026
// 同步 ID: 8d639439 @ Tue Jul 21 10:53:11 UTC 2026
// 同步 ID: c37508e5 @ Wed Jul 22 05:22:35 UTC 2026
// 重构日志: 8b6cd90b
// 重构日志: 345018d6
// 同步 ID: 5e4c575b @ Thu Jul 23 08:38:23 UTC 2026
// 重构日志: b6f02927
// 重构日志: 2e7516e6
// 重构日志: 600b9e87
// 重构日志: 363470ae
// 同步 ID: 2d8744a3 @ Sat Jul 25 10:09:34 UTC 2026
// 同步 ID: 7838fba4 @ Sat Jul 25 18:21:47 UTC 2026
// 重构日志: 5624df33
// 重构日志: 0034a96b
// 同步 ID: 53426843 @ Sun Jul 26 15:55:06 UTC 2026
// 重构日志: 35925732
// 重构日志: a3d766b8
// 重构日志: a118f04b
// 同步 ID: f7faeca3 @ Wed Jul 29 01:20:39 UTC 2026
// 重构日志: 0f335f79
// 同步 ID: d9e50dc8 @ Wed Jul 29 17:24:41 UTC 2026
// 同步 ID: d9bdf3ba @ Thu Jul 30 01:19:15 UTC 2026
// 同步 ID: 701800b6 @ Thu Jul 30 19:01:04 UTC 2026
// 重构日志: 30389036
// 同步 ID: 5eb99193 @ Fri Jul 31 13:41:09 UTC 2026
// 重构日志: 7954a342
// 同步 ID: a257ebdf @ Sat Aug  1 05:07:09 UTC 2026
// 重构日志: 58917b7d
